// Jest Snapshot v1, https://goo.gl/fbAQLP

exports[`Basic operations Filtering 1`] = `
Array [
  Object {
    "binary_data": Object {
      "data": Array [
        66,
        105,
        110,
        97,
        114,
        121,
        32,
        100,
        97,
        116,
        97,
        32,
        102,
        111,
        114,
        32,
        65,
        100,
        97,
        109,
      ],
      "type": "Buffer",
    },
    "id": 2,
    "role": "user",
    "user_name": "Adam",
  },
]
`;

exports[`Basic operations Insert data into tables 1`] = `
Array [
  Object {
    "binary_data": Object {
      "data": Array [
        66,
        105,
        110,
        97,
        114,
        121,
        32,
        100,
        97,
        116,
        97,
        32,
        102,
        111,
        114,
        32,
        84,
        111,
        109,
        195,
        161,
        197,
        161,
        32,
        240,
        159,
        152,
        142,
      ],
      "type": "Buffer",
    },
    "id": 1,
    "role": "user",
    "user_name": "Tom치코 游땙",
  },
  Object {
    "binary_data": Object {
      "data": Array [
        66,
        105,
        110,
        97,
        114,
        121,
        32,
        100,
        97,
        116,
        97,
        32,
        102,
        111,
        114,
        32,
        65,
        100,
        97,
        109,
      ],
      "type": "Buffer",
    },
    "id": 2,
    "role": "user",
    "user_name": "Adam",
  },
  Object {
    "binary_data": Object {
      "data": Array [
        66,
        105,
        110,
        97,
        114,
        121,
        32,
        100,
        97,
        116,
        97,
        32,
        102,
        111,
        114,
        32,
        76,
        117,
        99,
        97,
        115,
      ],
      "type": "Buffer",
    },
    "id": 3,
    "role": "user",
    "user_name": "Lucas",
  },
]
`;

exports[`Basic operations Insert data into tables 2`] = `
Array [
  Object {
    "account_name": "knex",
    "id": 101,
    "user_id": 1,
  },
]
`;

exports[`Basic operations Left join 1`] = `
Array [
  Object {
    "account": "knex",
    "user_name": "Tom치코 游땙",
  },
]
`;

exports[`Basic operations Test limits 1`] = `
Array [
  Object {
    "binary_data": Object {
      "data": Array [
        66,
        105,
        110,
        97,
        114,
        121,
        32,
        100,
        97,
        116,
        97,
        32,
        102,
        111,
        114,
        32,
        76,
        117,
        99,
        97,
        115,
      ],
      "type": "Buffer",
    },
    "id": 3,
    "role": "user",
    "user_name": "Lucas",
  },
]
`;

exports[`Test Node Firebird Simple select 1`] = `
Array [
  Object {
    "constant": 1,
  },
]
`;
